// Jest Snapshot v1, https://goo.gl/fbAQLP

exports[`ListScreen render with snapsho with black itemst matches snapshot 1`] = `
<View>
  <Text>
    ListScreen Component
  </Text>
</View>
`;

exports[`ListScreen render with snapshot matches snapshot 1`] = `
<View>
  <Text>
    ListScreen Component
  </Text>
</View>
`;
